// Jest Snapshot v1, https://goo.gl/fbAQLP

exports[`ProjectEditorPage: рендер без ошибок 1`] = `
<div
  className="sc-bxivhb dUiVDW"
>
  <form
    onSubmit={[Function]}
  >
    <ul
      className="css-f91fgu"
    >
      <li
        className="css-79elbk"
      >
        <div
          onClick={[Function]}
          style={
            Array [
              Object {
                "cursor": "pointer",
                "display": "block",
                "padding": "0px 5px",
                "position": "relative",
              },
              null,
            ]
          }
        >
          <div
            className="css-1abq8k5"
          >
            <div
              className="css-1u94gzr"
            >
              <svg
                height={14}
                width={14}
              >
                <polygon
                  className="css-1l0glfn"
                  points="0,0 0,14 14,7"
                />
              </svg>
            </div>
          </div>
          <div
            className="css-80f7ae"
          >
            <div
              className="css-1cf7s5m"
            >
              root
            </div>
          </div>
        </div>
        <div>
          <ul
            className="css-1s1o8u8"
          >
            <li
              className="css-79elbk"
            >
              <div
                onClick={[Function]}
                style={
                  Array [
                    Object {
                      "cursor": "pointer",
                      "display": "block",
                      "padding": "0px 5px",
                      "position": "relative",
                    },
                    null,
                  ]
                }
              >
                <div
                  className="css-1abq8k5"
                >
                  <div
                    className="css-1u94gzr"
                  >
                    <svg
                      height={14}
                      width={14}
                    >
                      <polygon
                        className="css-1l0glfn"
                        points="0,0 0,14 14,7"
                      />
                    </svg>
                  </div>
                </div>
                <div
                  className="css-80f7ae"
                >
                  <div
                    className="css-1cf7s5m"
                  >
                    parent
                  </div>
                </div>
              </div>
              <div />
            </li>
            <li
              className="css-79elbk"
            >
              <div
                onClick={[Function]}
                style={
                  Array [
                    Object {
                      "cursor": "pointer",
                      "display": "block",
                      "padding": "0px 5px",
                      "position": "relative",
                    },
                    null,
                  ]
                }
              >
                <div
                  className="css-1abq8k5"
                >
                  <div
                    className="css-1u94gzr"
                  >
                    <svg
                      height={14}
                      width={14}
                    >
                      <polygon
                        className="css-1l0glfn"
                        points="0,0 0,14 14,7"
                      />
                    </svg>
                  </div>
                </div>
                <div
                  className="css-80f7ae"
                >
                  <div
                    className="css-1cf7s5m"
                  >
                    loading parent
                  </div>
                </div>
              </div>
              <div />
            </li>
            <li
              className="css-79elbk"
            >
              <div
                onClick={[Function]}
                style={
                  Array [
                    Object {
                      "cursor": "pointer",
                      "display": "block",
                      "padding": "0px 5px",
                      "position": "relative",
                    },
                    null,
                  ]
                }
              >
                <div
                  className="css-1abq8k5"
                >
                  <div
                    className="css-1u94gzr"
                  >
                    <svg
                      height={14}
                      width={14}
                    >
                      <polygon
                        className="css-1l0glfn"
                        points="0,0 0,14 14,7"
                      />
                    </svg>
                  </div>
                </div>
                <div
                  className="css-80f7ae"
                >
                  <div
                    className="css-1cf7s5m"
                  >
                    parent
                  </div>
                </div>
              </div>
              <div />
            </li>
          </ul>
        </div>
      </li>
    </ul>
  </form>
</div>
`;
