// Jest Snapshot v1, https://goo.gl/fbAQLP

exports[`ProjectSettingsPage: рендер без ошибок 1`] = `
<div
  className="sc-bxivhb gPUjkv"
>
  <div
    className="sc-1jxwge6-0 wterhv-0 bLkhJm"
  >
    <div
      className="sc-1jxwge6-0 sc-14k9gvj-0 jTXbMH"
      width="100%"
    >
      Загрузка ...
    </div>
  </div>
</div>
`;
