// Jest Snapshot v1, https://goo.gl/fbAQLP

exports[`SimpleForm: просто рендер 1`] = `
<form
  onSubmit={[Function]}
>
  <div>
    <label>
      First Name
    </label>
    <div>
      <input
        name="firstName"
        onBlur={[Function]}
        onChange={[Function]}
        onDragStart={[Function]}
        onDrop={[Function]}
        onFocus={[Function]}
        placeholder="First Name"
        type="text"
        value=""
      />
    </div>
  </div>
  <div>
    <label>
      Last Name
    </label>
    <div>
      <input
        name="lastName"
        onBlur={[Function]}
        onChange={[Function]}
        onDragStart={[Function]}
        onDrop={[Function]}
        onFocus={[Function]}
        placeholder="Last Name"
        type="text"
        value=""
      />
    </div>
  </div>
  <div>
    <label>
      Email
    </label>
    <div>
      <input
        name="email"
        onBlur={[Function]}
        onChange={[Function]}
        onDragStart={[Function]}
        onDrop={[Function]}
        onFocus={[Function]}
        placeholder="Email"
        type="email"
        value=""
      />
    </div>
  </div>
  <div>
    <label>
      Sex
    </label>
    <div>
      <label>
        <input
          checked={false}
          name="sex"
          onBlur={[Function]}
          onChange={[Function]}
          onDragStart={[Function]}
          onDrop={[Function]}
          onFocus={[Function]}
          type="radio"
          value="male"
        />
         
        Male
      </label>
      <label>
        <input
          checked={false}
          name="sex"
          onBlur={[Function]}
          onChange={[Function]}
          onDragStart={[Function]}
          onDrop={[Function]}
          onFocus={[Function]}
          type="radio"
          value="female"
        />
         
        Female
      </label>
    </div>
  </div>
  <div>
    <label>
      Favorite Color
    </label>
    <div>
      <select
        name="favoriteColor"
        onBlur={[Function]}
        onChange={[Function]}
        onDragStart={[Function]}
        onDrop={[Function]}
        onFocus={[Function]}
        value=""
      >
        <option />
        <option
          value="ff0000"
        >
          Red
        </option>
        <option
          value="00ff00"
        >
          Green
        </option>
        <option
          value="0000ff"
        >
          Blue
        </option>
      </select>
    </div>
  </div>
  <div>
    <label
      htmlFor="employed"
    >
      Employed
    </label>
    <div>
      <input
        checked={false}
        id="employed"
        name="employed"
        onBlur={[Function]}
        onChange={[Function]}
        onDragStart={[Function]}
        onDrop={[Function]}
        onFocus={[Function]}
        type="checkbox"
        value=""
      />
    </div>
  </div>
  <div>
    <label>
      Notes
    </label>
    <div>
      <textarea
        name="notes"
        onBlur={[Function]}
        onChange={[Function]}
        onDragStart={[Function]}
        onDrop={[Function]}
        onFocus={[Function]}
        value=""
      />
    </div>
  </div>
  <div>
    <button
      disabled={true}
      type="submit"
    >
      Submit
    </button>
    <button
      disabled={true}
      onClick={[Function]}
      type="button"
    >
      Clear Values
    </button>
  </div>
</form>
`;
