import React from 'react';
import { shallow } from 'enzyme';
import { shallowToJson } from 'enzyme-to-json';
import SelectBase from '../SelectBase';

describe('SelectBase - empty', () => {
  it('Должно правильно отрендерить просто SelectBase', () => {
    const output = shallow(
      <SelectBase className={'class-c1'} />
    );
    expect(shallowToJson(output)).toMatchSnapshot();
  });
})

describe('SelectBase with property', () => {
  it('Должно правильно отрендерить SelectBase c переданными свойствами', () => {
    const output = shallow(
      <SelectBase disabled={true} placeholder={'error'}/>
    );
    expect(shallowToJson(output)).toMatchSnapshot();
  });
})