// Jest Snapshot v1, https://goo.gl/fbAQLP

exports[`ProfilePage: рендер без ошибок 1`] = `
<div
  className="sc-bxivhb gPUjkv"
>
  <div
    className="sc-1jxwge6-0 wterhv-0 juWkEm"
  >
    <div
      className="sc-1jxwge6-0 wterhv-0 eKbNwK"
    >
      <div
        className="sc-1jxwge6-0 wterhv-0 sc-1q458em-0 beyWEB"
      >
        <div
          className="sc-1jxwge6-0 iFZKBC"
        />
        <div
          className="sc-1jxwge6-0 beVMHj"
        />
      </div>
      <div
        className="sc-1jxwge6-0 wterhv-0 sc-1q458em-1 jDhYrj"
      >
        <div
          className="sc-1jxwge6-0 iFZKBC"
        />
        <div
          className="sc-1jxwge6-0 beVMHj"
        />
      </div>
    </div>
  </div>
</div>
`;
