// Jest Snapshot v1, https://goo.gl/fbAQLP

exports[`Disabled checkbox 1`] = `
.c1 {
  position: absolute;
  opacity: 0;
}

.c1 + label {
  position: relative;
  cursor: pointer;
  padding: 0;
}

.c1 + label:before {
  content: '';
  position: absolute;
  left: 0px;
  top: 0px;
  width: 32px;
  height: 32px;
  background-image: url(process:function process(src) { return 'module.exports = ' + JSON.stringify(path.basename(filename)) + ';';
}

;) !important;background-repeat:no-repeat;box-sizing:border-box;} .c1:checked + label:before {
  display: none;
}

.c1:disabled + label {
  color: #b8b8b8;
  cursor: auto;
}

.c1:disabled + label:before {
  box-shadow: none;
  background-color: #ddd;
}

.c1:checked + label:after {
  content: '';
  position: absolute;
  left: 0px;
  top: -2px;
  width: 32px;
  height: 32px;
  background-image: url(process:function process(src) { return 'module.exports = ' + JSON.stringify(path.basename(filename)) + ';';
}

;) !important;background-repeat:no-repeat;}







.c0 {
  font-family: system-ui,sans-serif;
}

.c0 * {
  box-sizing: border-box;
}

<div
  className="c0"
>
  <div
    className=""
  >
    <input
      checked={false}
      className="c1"
      id="styled-checkbox-1"
      type="checkbox"
    />
    <label
      htmlFor="styled-checkbox-1"
    >
      CheckboxBase
    </label>
  </div>
</div>
`;

exports[`Enabled checkbox 1`] = `
.c1 {
  position: absolute;
  opacity: 0;
}

.c1 + label {
  position: relative;
  cursor: pointer;
  padding: 0;
}

.c1 + label:before {
  content: '';
  position: absolute;
  left: 0px;
  top: 0px;
  width: 32px;
  height: 32px;
  background-image: url(process:function process(src) { return 'module.exports = ' + JSON.stringify(path.basename(filename)) + ';';
}

;) !important;background-repeat:no-repeat;box-sizing:border-box;} .c1:checked + label:before {
  display: none;
}

.c1:disabled + label {
  color: #b8b8b8;
  cursor: auto;
}

.c1:disabled + label:before {
  box-shadow: none;
  background-color: #ddd;
}

.c1:checked + label:after {
  content: '';
  position: absolute;
  left: 0px;
  top: -2px;
  width: 32px;
  height: 32px;
  background-image: url(process:function process(src) { return 'module.exports = ' + JSON.stringify(path.basename(filename)) + ';';
}

;) !important;background-repeat:no-repeat;}







.c0 {
  font-family: system-ui,sans-serif;
}

.c0 * {
  box-sizing: border-box;
}

<div
  className="c0"
>
  <div
    className=""
  >
    <input
      checked={false}
      className="c1"
      id="styled-checkbox-1"
      type="checkbox"
    />
    <label
      htmlFor="styled-checkbox-1"
    >
      CheckboxBase
    </label>
  </div>
</div>
`;
