import React from 'react';
import { shallow } from 'enzyme';
import { shallowToJson } from 'enzyme-to-json';
import ButtonWithImage from '../ButtonWithImage';
import Play from '../../../assets/icons/monocolor/play.monocolor.svg';

describe('Button With Image', () => {
  it('Должно правильно отрендерить Button с картинкой справа', () => {
    const output = shallow(
      <ButtonWithImage iconRight={<Play/>} name={'Button'} variant={'large'} size={'large'}/>
    );
    expect(shallowToJson(output)).toMatchSnapshot();
  });
})

describe('Button With Image', () => {
  it('Должно правильно отрендерить Button с картинкой слева', () => {
    const output = shallow(
      <ButtonWithImage iconleft={<Play/>} name={'Button'} variant={'small'} size={'medium'}/>
    );
    expect(shallowToJson(output)).toMatchSnapshot();
  });
})
